[2026-02-12T21:42:33.416Z] [DEBUG] [DEBUG] /assessment: Starting with user 3ccbd740-0cae-40d3-800f-ac0d7c6a45e7, Shuffled Total: 6 
[2026-02-12T21:44:12.551Z] [DEBUG] [DEBUG] /assessment: Starting with user 3ccbd740-0cae-40d3-800f-ac0d7c6a45e7, Shuffled Total: 6 
[2026-02-12T21:44:19.324Z] [DEBUG] [DEBUG] /api/assessment/answer: questionId=blueprint-ghost-key, answerKey=extraversion-hi-openness-lo, remaining=5, total=6 
[2026-02-12T21:44:21.829Z] [DEBUG] [DEBUG] /api/assessment/answer: questionId=uninvited-performance-artist, answerKey=agreeableness-lo-neuroticism-hi, remaining=4, total=6 
[2026-02-12T21:44:23.120Z] [DEBUG] [DEBUG] /api/assessment/answer: questionId=the-ticking-archive, answerKey=openness-lo-conscientiousness-lo, remaining=3, total=6 
[2026-02-12T21:44:24.910Z] [DEBUG] [DEBUG] /api/assessment/answer: questionId=shattered-centerpiece-crisis, answerKey=extraversion-lo-agreeableness-lo, remaining=2, total=6 
[2026-02-12T21:44:26.714Z] [DEBUG] [DEBUG] /api/assessment/answer: questionId=manor-inheritance, answerKey=conscientious-open, remaining=1, total=6 
[2026-02-12T21:44:30.642Z] [DEBUG] [DEBUG] /api/assessment/answer: questionId=ink-stain-rivalry, answerKey=neuroticism-hi-agreeableness-lo, remaining=0, total=6 
[2026-02-12T21:44:31.646Z] [DEBUG] [DEBUG] Ephemeral user. Returning Integrated RegistrationPage fragment. 
[2026-02-12T21:45:33.964Z] [DEBUG] [DEBUG] /assessment: Starting with user a33329cc-4328-4725-8fb4-d71b4ef535ff, Shuffled Total: 6 
[2026-02-12T21:45:35.666Z] [DEBUG] [DEBUG] /api/assessment/answer: questionId=uninvited-performance-artist, answerKey=agreeableness-hi-neuroticism-lo, remaining=5, total=6 
[2026-02-12T21:45:36.501Z] [DEBUG] [DEBUG] /api/assessment/answer: questionId=shattered-centerpiece-crisis, answerKey=extraversion-lo-agreeableness-hi, remaining=4, total=6 
[2026-02-12T21:45:37.475Z] [DEBUG] [DEBUG] /api/assessment/answer: questionId=manor-inheritance, answerKey=spontaneous-open, remaining=3, total=6 
[2026-02-12T21:45:39.197Z] [DEBUG] [DEBUG] /api/assessment/answer: questionId=blueprint-ghost-key, answerKey=extraversion-lo-openness-hi, remaining=2, total=6 
[2026-02-12T21:45:40.645Z] [DEBUG] [DEBUG] /api/assessment/answer: questionId=the-ticking-archive, answerKey=openness-hi-conscientiousness-hi, remaining=1, total=6 
[2026-02-12T21:45:41.838Z] [DEBUG] [DEBUG] /api/assessment/answer: questionId=ink-stain-rivalry, answerKey=neuroticism-hi-agreeableness-lo, remaining=0, total=6 
[2026-02-12T21:45:42.889Z] [DEBUG] [DEBUG] Ephemeral user. Returning Integrated RegistrationPage fragment. 
[2026-02-12T22:01:29.336Z] [DEBUG] [DEBUG] /assessment: Starting with user b426e6f2-353f-49da-92c9-72da125363ce, Shuffled Total: 6 
[2026-02-12T22:01:35.910Z] [DEBUG] [DEBUG] /api/assessment/answer: questionId=blueprint-ghost-key, answerKey=extraversion-hi-openness-hi, remaining=5, total=6 
[2026-02-12T22:01:39.748Z] [DEBUG] [DEBUG] /api/assessment/answer: questionId=ink-stain-rivalry, answerKey=neuroticism-hi-agreeableness-lo, remaining=4, total=6 
[2026-02-12T22:01:46.088Z] [DEBUG] [DEBUG] /api/assessment/answer: questionId=shattered-centerpiece-crisis, answerKey=extraversion-hi-agreeableness-hi, remaining=3, total=6 
[2026-02-12T22:01:55.950Z] [DEBUG] [DEBUG] /api/assessment/answer: questionId=the-ticking-archive, answerKey=openness-hi-conscientiousness-lo, remaining=2, total=6 
[2026-02-12T22:02:08.899Z] [DEBUG] [DEBUG] /api/assessment/answer: questionId=uninvited-performance-artist, answerKey=agreeableness-hi-neuroticism-lo, remaining=1, total=6 
[2026-02-12T22:02:17.238Z] [DEBUG] [DEBUG] /api/assessment/answer: questionId=manor-inheritance, answerKey=spontaneous-open, remaining=0, total=6 
[2026-02-12T22:02:18.485Z] [DEBUG] [DEBUG] Ephemeral user. Returning Integrated RegistrationPage fragment. 
[2026-02-12T22:03:18.624Z] [DEBUG] [DEBUG] /assessment: Starting with user b1196bfc-032a-415b-90e0-1a4165975886, Shuffled Total: 6 
[2026-02-12T22:03:25.028Z] [DEBUG] [DEBUG] /api/assessment/answer: questionId=uninvited-performance-artist, answerKey=agreeableness-hi-neuroticism-lo, remaining=5, total=6 
[2026-02-12T22:03:30.778Z] [DEBUG] [DEBUG] /api/assessment/answer: questionId=the-ticking-archive, answerKey=openness-hi-conscientiousness-lo, remaining=4, total=6 
[2026-02-12T22:03:34.297Z] [DEBUG] [DEBUG] /api/assessment/answer: questionId=shattered-centerpiece-crisis, answerKey=extraversion-hi-agreeableness-hi, remaining=3, total=6 
[2026-02-12T22:03:38.744Z] [DEBUG] [DEBUG] /api/assessment/answer: questionId=ink-stain-rivalry, answerKey=neuroticism-hi-agreeableness-hi, remaining=2, total=6 
[2026-02-12T22:03:44.876Z] [DEBUG] [DEBUG] /api/assessment/answer: questionId=manor-inheritance, answerKey=conscientious-open, remaining=1, total=6 
[2026-02-12T22:03:51.750Z] [DEBUG] [DEBUG] /api/assessment/answer: questionId=blueprint-ghost-key, answerKey=extraversion-hi-openness-hi, remaining=0, total=6 
[2026-02-12T22:03:52.770Z] [DEBUG] [DEBUG] Ephemeral user. Returning Integrated RegistrationPage fragment. 
[2026-02-12T22:10:58.635Z] [DEBUG] [DEBUG] /assessment: Starting with user 5425e6e4-db23-44b1-b971-c4d3ee336852, Shuffled Total: 6 
[2026-02-12T22:11:03.024Z] [DEBUG] [DEBUG] /api/assessment/answer: questionId=uninvited-performance-artist, answerKey=agreeableness-hi-neuroticism-hi, remaining=5, total=6 
[2026-02-12T22:11:04.099Z] [DEBUG] [DEBUG] /api/assessment/answer: questionId=shattered-centerpiece-crisis, answerKey=extraversion-hi-agreeableness-hi, remaining=4, total=6 
[2026-02-12T22:11:05.190Z] [DEBUG] [DEBUG] /api/assessment/answer: questionId=the-ticking-archive, answerKey=openness-lo-conscientiousness-hi, remaining=3, total=6 
[2026-02-12T22:11:06.262Z] [DEBUG] [DEBUG] /api/assessment/answer: questionId=blueprint-ghost-key, answerKey=extraversion-hi-openness-hi, remaining=2, total=6 
[2026-02-12T22:11:07.200Z] [DEBUG] [DEBUG] /api/assessment/answer: questionId=manor-inheritance, answerKey=conscientious-closed, remaining=1, total=6 
[2026-02-12T22:11:08.156Z] [DEBUG] [DEBUG] /api/assessment/answer: questionId=ink-stain-rivalry, answerKey=neuroticism-hi-agreeableness-hi, remaining=0, total=6 
[2026-02-12T22:11:08.486Z] [DEBUG] [DEBUG] Ephemeral user. Returning Integrated RegistrationPage fragment. 
[2026-02-12T22:17:54.349Z] [DEBUG] [DEBUG] /assessment: Starting with user f79d1f8a-9071-4af6-b4c3-77389f9976e9, Shuffled Total: 6 
[2026-02-12T22:18:03.130Z] [DEBUG] [DEBUG] /api/assessment/answer: questionId=ink-stain-rivalry, answerKey=neuroticism-lo-agreeableness-lo, remaining=5, total=6 
[2026-02-12T22:18:05.916Z] [DEBUG] [DEBUG] /api/assessment/answer: questionId=shattered-centerpiece-crisis, answerKey=extraversion-lo-agreeableness-lo, remaining=4, total=6 
[2026-02-12T22:18:08.791Z] [DEBUG] [DEBUG] /api/assessment/answer: questionId=uninvited-performance-artist, answerKey=agreeableness-lo-neuroticism-lo, remaining=3, total=6 
[2026-02-12T22:18:24.628Z] [DEBUG] [DEBUG] /api/assessment/answer: questionId=the-ticking-archive, answerKey=openness-lo-conscientiousness-lo, remaining=2, total=6 
[2026-02-12T22:18:39.199Z] [DEBUG] [DEBUG] /api/assessment/answer: questionId=manor-inheritance, answerKey=spontaneous-closed, remaining=1, total=6 
[2026-02-12T22:18:44.936Z] [DEBUG] [DEBUG] /api/assessment/answer: questionId=blueprint-ghost-key, answerKey=extraversion-lo-openness-lo, remaining=0, total=6 
[2026-02-12T22:18:45.837Z] [DEBUG] [DEBUG] Ephemeral user. Returning Integrated RegistrationPage fragment. 
[2026-02-12T23:02:33.285Z] [DEBUG] [DEBUG] /assessment: Starting with user 92abb36d-6d7c-4fa8-af99-d90132473ef6, Shuffled Total: 6 
[2026-02-12T23:02:52.292Z] [DEBUG] [DEBUG] /assessment: Starting with user 21d08118-b541-4d1e-8beb-84e9fcf8e1bd, Shuffled Total: 6 
[2026-02-12T23:03:00.298Z] [DEBUG] [DEBUG] /api/assessment/answer: questionId=uninvited-performance-artist, answerKey=agreeableness-lo-neuroticism-lo, remaining=5, total=6 
[2026-02-12T23:03:03.151Z] [DEBUG] [DEBUG] /api/assessment/answer: questionId=ink-stain-rivalry, answerKey=neuroticism-lo-agreeableness-lo, remaining=4, total=6 
[2026-02-12T23:03:08.792Z] [DEBUG] [DEBUG] /api/assessment/answer: questionId=the-ticking-archive, answerKey=openness-lo-conscientiousness-lo, remaining=3, total=6 
[2026-02-12T23:03:14.243Z] [DEBUG] [DEBUG] /api/assessment/answer: questionId=shattered-centerpiece-crisis, answerKey=extraversion-hi-agreeableness-lo, remaining=2, total=6 
[2026-02-12T23:03:25.008Z] [DEBUG] [DEBUG] /api/assessment/answer: questionId=manor-inheritance, answerKey=spontaneous-closed, remaining=1, total=6 
[2026-02-12T23:03:38.179Z] [DEBUG] [DEBUG] /api/assessment/answer: questionId=blueprint-ghost-key, answerKey=extraversion-lo-openness-lo, remaining=0, total=6 
[2026-02-12T23:03:39.096Z] [DEBUG] [DEBUG] Ephemeral user. Returning Integrated RegistrationPage fragment. 
[2026-02-12T23:09:49.758Z] [DEBUG] [DEBUG] /assessment: Starting with user de9e21b1-1141-40ef-b0ed-200811a6dd40, Shuffled Total: 6 
[2026-02-13T01:40:52.164Z] [DEBUG] [DEBUG] /assessment: Starting with user d3f8e5bf-29ed-42d9-855c-2571da9373d5, Shuffled Total: 6 
[2026-02-13T01:42:22.330Z] [DEBUG] [DEBUG] /api/assessment/answer: questionId=ink-stain-rivalry, answerKey=neuroticism-lo-agreeableness-hi, remaining=5, total=6 
[2026-02-13T01:43:45.264Z] [DEBUG] [DEBUG] /api/assessment/answer: questionId=manor-inheritance, answerKey=spontaneous-open, remaining=4, total=6 
[2026-02-13T01:45:04.893Z] [DEBUG] [DEBUG] /api/assessment/answer: questionId=blueprint-ghost-key, answerKey=extraversion-lo-openness-hi, remaining=3, total=6 
[2026-02-13T01:46:47.773Z] [DEBUG] [DEBUG] /api/assessment/answer: questionId=the-ticking-archive, answerKey=openness-lo-conscientiousness-hi, remaining=2, total=6 
[2026-02-13T01:48:36.329Z] [DEBUG] [DEBUG] /api/assessment/answer: questionId=shattered-centerpiece-crisis, answerKey=extraversion-lo-agreeableness-hi, remaining=1, total=6 
[2026-02-13T01:50:31.154Z] [DEBUG] [DEBUG] /api/assessment/answer: questionId=uninvited-performance-artist, answerKey=agreeableness-hi-neuroticism-hi, remaining=0, total=6 
[2026-02-13T01:50:32.162Z] [DEBUG] [DEBUG] Ephemeral user. Returning Integrated RegistrationPage fragment. 
[2026-02-13T02:02:08.778Z] [DEBUG] [DEBUG] /assessment: Starting with user 28bc14d6-66b5-48d2-8163-ae4bbc07272f, Shuffled Total: 6 
[2026-04-03T20:26:28.255Z] [DEBUG] [Workshop] Guidance 1/4 generated: the world is trying to invite you into the fog, but you have anchored your feet ... 
[2026-04-03T20:26:34.755Z] [DEBUG] [Workshop] Guidance 2/4 generated: there is a lethal comfort in having no more questions to ask, yet the weight of ... 
[2026-04-03T20:26:40.294Z] [DEBUG] [Workshop] Guidance 3/4 generated: your light is steady and your stride is firm, but you are walking a path that ha... 
[2026-04-03T20:26:45.896Z] [DEBUG] [Workshop] Guidance 4/4 generated: your pulse beats with the rhythmic indifference of the deep earth, a steady calm... 
[2026-04-03T20:29:46.977Z] [DEBUG] [Workshop] Question generation raw response: {
  "slug": "the-botanists-bequest",
  "text": "A heavy, iron-bound crate arrives at your doorstep, the final bequest of an estranged uncle known for his 'blasphemous' botanical sketches. Inside lie p... 
[2026-04-03T21:23:01.405Z] [DEBUG] [Workshop] Question generation raw response: {
  "slug": "the-impossible-botany-slides",
  "text": "Among the moth-eaten velvets of the manor's attic, you discover a mahogany box containing glass slides of impossible botany—flowers with weeping ... 
[2026-04-03T21:26:21.808Z] [DEBUG] [Workshop] Question generation raw response: {
  "slug": "the-botanists-fraud",
  "text": "In the damp quiet of the solarium, you discover the late naturalist’s final journals, filled with pressed, blackened lilies and frenzied notes suggesting ... 
[2026-04-03T21:34:00.734Z] [DEBUG] [Workshop] Guidance 1/4 generated: there is a heavy exhaustion in maintaining a stage that no longer surprises you.... 
[2026-04-03T21:34:05.754Z] [DEBUG] [Workshop] Guidance 2/4 generated: you are vibrating with the heat of a high-speed engine trapped in a small, famil... 
[2026-04-03T21:34:11.395Z] [DEBUG] [Workshop] Guidance 3/4 generated: the air around you is thick with the heat of a machine running at full power wit... 
[2026-04-03T21:34:17.404Z] [DEBUG] [Workshop] Guidance 4/4 generated: there is a relentless, bright urgency in how you hold the line for everyone else... 
[2026-04-03T21:40:22.172Z] [DEBUG] [Workshop] Guidance 1/2 generated: When every door is cast wide and every hand is grasped in welcome, the sanctuary... 
[2026-04-03T21:40:30.822Z] [DEBUG] [Workshop] Guidance 2/2 generated: The tragedy of a horizon that never ends is that it offers no place to plant a s... 
[2026-04-03T21:43:24.109Z] [DEBUG] [Workshop] Guidance 1/2 generated: The self currently exists as a polite consensus, a draft blowing through a house... 
[2026-04-03T21:43:30.639Z] [DEBUG] [Workshop] Guidance 2/2 generated: The horizon is currently a crowded room where every stranger is a long-lost twin... 
[2026-04-03T21:46:30.502Z] [DEBUG] [Workshop] Guidance 1/2 generated: The sheer volume of external input being invited in—both in terms of radical new... 
[2026-04-03T21:46:38.800Z] [DEBUG] [Workshop] Guidance 2/2 generated: The vast expanse of what is possible is being constantly interrupted by the imme... 
[2026-04-03T21:49:55.798Z] [DEBUG] [Workshop] Guidance 1/2 generated: Your expansive inner world is currently constrained by an extreme need for socia... 
[2026-04-03T21:50:03.711Z] [DEBUG] [Workshop] Guidance 2/2 generated: The lack of internal friction you experience, combined with an almost total surr... 
[2026-04-03T21:50:45.822Z] [DEBUG] [Workshop] Guidance 1/2 generated: The absence of internal pressure means your most profound insights often lack th... 
[2026-04-03T21:50:54.459Z] [DEBUG] [Workshop] Guidance 2/2 generated: Your radical receptivity to the world risks turning your life into a mere reflec... 
[2026-04-03T22:06:30.245Z] [DEBUG] [Workshop] Guidance 1/2 generated: Welcome, seeker. I’ve looked into the patterns of your spirit—the way you move t... 
[2026-04-03T22:06:42.890Z] [DEBUG] [Workshop] Guidance 2/2 generated: Welcome, seeker. It is a rare thing to encounter a spirit as vividly textured as... 
[2026-04-03T22:09:56.860Z] [DEBUG] [Workshop] Guidance 1/1 generated: **The Gilded Sponge**
*A stained-glass window rattling in a gale.*

### The Port... 
[2026-04-03T22:11:50.896Z] [DEBUG] [Workshop] Guidance 1/1 generated: **Archetype — The Over-Attuned Satellite**
You are a high-fidelity receiver for ... 
[2026-04-03T22:13:45.347Z] [DEBUG] [Workshop] Guidance 1/1 generated: **Archetype: The Radiant Doormat.** A glowing, chaotic beacon of empathy who for... 
[2026-04-03T22:15:29.519Z] [DEBUG] [Workshop] Guidance 1/2 generated: **Archetype: The Leaking Radiator.** A warm, brilliant presence who provides hea... 
[2026-04-03T22:15:37.217Z] [DEBUG] [Workshop] Guidance 2/2 generated: **Archetype: The Human Tuning Fork.** 
A vivid, high-fidelity instrument tuned t... 
[2026-04-03T22:18:20.496Z] [DEBUG] [Workshop] Guidance 1/2 generated: **The Over-Extended Enthusiast.**  
An ultra-vibrant, chaotic empath who compuls... 
[2026-04-03T22:18:27.034Z] [DEBUG] [Workshop] Guidance 2/2 generated: **The Radiant Sinkhole.**  
A hyper-sensitive social engine running on pure nove... 
[2026-04-03T22:20:57.318Z] [DEBUG] [Workshop] Guidance 1/2 generated: **The Brilliant Mimic.**  
A high-wattage creative engine currently being hijack... 
[2026-04-03T22:21:21.454Z] [DEBUG] [Workshop] Guidance 2/2 generated: **The Technicolor Doormat.**  
A brilliant, high-wattage creative who is current... 
[2026-04-03T22:21:58.610Z] [DEBUG] [Workshop] Guidance 1/2 generated: **The Velvet Lightning Rod.**  
A high-voltage, creative powerhouse currently sh... 
[2026-04-03T22:22:15.011Z] [DEBUG] [Workshop] Guidance 2/2 generated: **The Prismatic Smoke**
A high-frequency visionary who is currently dissolving b... 
[2026-04-03T22:23:42.469Z] [DEBUG] [Workshop] Guidance 1/2 generated: **The Fortress Architect.** You’ve built a cathedral inside your head and you’re... 
[2026-04-03T22:24:13.372Z] [DEBUG] [Workshop] Guidance 2/2 generated: **The Glass Visionary.** You see three moves ahead of everyone else and find the... 
[2026-04-03T22:25:25.461Z] [DEBUG] [Workshop] Guidance 1/2 generated: **The Archival Monk**
A fortress of complex vision and rigid discipline, built m... 
[2026-04-03T22:25:31.421Z] [DEBUG] [Workshop] Guidance 2/2 generated: **The High-Altitude Hermit**
A relentless visionary who maps the stars but refus... 
[2026-04-03T22:26:52.362Z] [DEBUG] [Workshop] Guidance 1/2 generated: **The Diamond Golem**
A self-sculpted monument of terrifying precision and compl... 
[2026-04-03T22:27:02.657Z] [DEBUG] [Workshop] Guidance 2/2 generated: **The Sovereign Ghost**
A high-functioning enigma who demands excellence from a ... 
[2026-04-03T22:27:50.856Z] [DEBUG] [Workshop] Guidance 1/2 generated: **The Iron Astrologer**
A master of vast, abstract systems who views human inter... 
[2026-04-03T22:27:59.695Z] [DEBUG] [Workshop] Guidance 2/2 generated: **The Cobalt Sphinx**
A silent engine of high-definition vision and surgical dis... 
[2026-04-03T22:34:08.444Z] [DEBUG] [Workshop] Guidance 1/2 generated: **The Marble Guillotine**
A master of high-definition systems who treats social ... 
[2026-04-03T22:34:24.001Z] [DEBUG] [Workshop] Guidance 2/2 generated: **The Granite Visionary**
A master of complex systems who treats human warmth as... 
[2026-04-04T02:10:29.527Z] [DEBUG] [Workshop] Guidance 1/4 generated: You’ve mistaken your inability to tolerate others for a commitment to high stand... 
[2026-04-04T02:10:37.712Z] [DEBUG] [Workshop] Guidance 2/4 generated: You aren’t evolving; you’re just optimizing yourself into a ghost. You’ve spent ... 
[2026-04-04T02:10:43.140Z] [DEBUG] [Workshop] Guidance 3/4 generated: You’re not a visionary waiting for a world that can finally meet your gaze; you’... 
[2026-04-04T02:10:51.451Z] [DEBUG] [Workshop] Guidance 4/4 generated: You aren't an island of integrity in a sea of mediocrity; you are a hoarder of p... 
[2026-04-04T02:58:44.620Z] [DEBUG] [Workshop] Question generation raw response: {
  "slug": "the-clockmakers-workshop",
  "text": "The workshop smells of cedar shavings and aged machine oil. A retiring clockmaker gestures to a row of unfinished mechanisms, their brass skeletons g... 
[2026-04-04T03:15:48.487Z] [DEBUG] [Workshop] Question generation raw response: {
  "slug": "the-iron-key",
  "text": "You find a heavy, unlabeled iron key hidden at the bottom of a ceramic jar in your holiday cottage. Through the window, an overgrown path winds toward a small st... 
[2026-04-04T03:15:48.488Z] [ERROR] SERVER ERROR: [{}]
[2026-04-04T03:19:55.885Z] [DEBUG] [Workshop] Question generation raw response: {
  "slug": "the-ozone-crate",
  "text": "A heavy, unlabeled crate sits on your porch, smelling of cedar and ozone. Inside are delicate glass components and a set of instructions written in an elegant... 
[2026-04-04T03:29:47.990Z] [DEBUG] [Workshop] Question generation raw response: {
  "slug": "the-seven-day-storefront",
  "text": "A stranger hands you the keys to a vacant, sun-drenched corner shop and tells you it's yours for exactly one week. The white walls are a blank canvas... 
[2026-04-04T03:31:07.291Z] [DEBUG] [Workshop] Question generation raw response: {
  "slug": "the-itinerary-unravels",
  "text": "The long-awaited road trip hits a snag when your destination is unexpectedly closed for the day. Your friends are starting to argue, and the carefully ... 
[2026-04-04T03:31:50.768Z] [INFO] [Workshop] Appended question "the-itinerary-unravels" to src/data/questions.ts 
[2026-04-04T03:32:33.225Z] [DEBUG] [Workshop] Question generation raw response: {
  "slug": "unmarked-cedar-crate",
  "text": "A massive, unlabeled crate sits on your porch, smelling faintly of cedar and sea salt. The delivery driver is long gone, and the manifest is written in a... 
[2026-04-04T03:33:09.915Z] [DEBUG] [Workshop] Question generation raw response: {
  "slug": "the-velvet-curtain",
  "text": "A heavy velvet curtain has appeared overnight in the back of your local bookstore, leading to an unannounced 'sensory exhibit.' The air smells of ozone, an... 
[2026-04-04T03:33:45.899Z] [INFO] [Workshop] Appended question "the-velvet-curtain" to src/data/questions.ts 
[2026-04-04T03:36:50.279Z] [DEBUG] [Workshop] Question generation raw response: {
  "slug": "alleyway-mural",
  "text": "A friend invites you to a pop-up mural project happening in a narrow downtown alley. When you arrive, the air smells of spray paint and half a dozen people are... 
[2026-04-04T03:38:01.813Z] [DEBUG] [Workshop] Question generation raw response: {
  "slug": "library-mystery-night",
  "text": "A pop-up mystery game has taken over the historic library for one night only. Your team is handed a complex list of objectives just as the music starts ... 
[2026-04-04T03:39:07.021Z] [DEBUG] [Workshop] Question generation raw response: {
  "slug": "neighborhood-festival",
  "text": "A vibrant, unannounced street festival has taken over the neighborhood square, filling the air with woodsmoke and loud music. You had a strict schedule ... 
[2026-04-04T03:39:34.545Z] [INFO] [Workshop] Appended question "neighborhood-festival" to src/data/questions.ts 
[2026-04-04T03:40:20.002Z] [DEBUG] [Workshop] Question generation raw response: {
  "slug": "dinner-party-blackout",
  "text": "You are mid-sentence during a lively dinner party when the power cuts out, plunging the room into absolute darkness. The sudden silence is heavy with th... 
[2026-04-04T03:40:59.904Z] [INFO] [Workshop] Appended question "dinner-party-blackout" to src/data/questions.ts 
[2026-04-04T03:41:24.790Z] [DEBUG] [Workshop] Question generation raw response: {
  "slug": "lunar-fog-ascent",
  "text": "You have spent weeks planning a midnight hike to witness a rare lunar eclipse from the summit. Just as you reach the trailhead, a heavy fog rolls in, swallow... 
[2026-04-04T03:42:04.034Z] [INFO] [Workshop] Appended question "lunar-fog-ascent" to src/data/questions.ts 
[2026-04-04T03:42:33.344Z] [DEBUG] [Workshop] Question generation raw response: {
  "slug": "sand-cathedral-tide",
  "text": "You are leading a team in a sand-sculpting competition, meticulously carving a gothic cathedral. As the tide rushes in much faster than predicted, your te... 
[2026-04-04T04:21:07.401Z] [INFO] [Workshop] Saved persona "stranger_kassandra" to src/data/prompts.ts 
[2026-04-04T04:21:23.929Z] [DEBUG] [Workshop] Guidance 1/2 generated: You have the heavy stillness of a humid afternoon where nothing moves because th... 
[2026-04-04T04:21:32.447Z] [DEBUG] [Workshop] Guidance 2/2 generated: You drift through your days like a boat that has let go of its oars not to find ... 
[2026-04-04T15:51:16.902Z] [DEBUG] [Workshop] Question generation raw response: {
  "slug": "the-shifting-trailhead",
  "text": "A hidden trailhead is marked only by a silver bell and a sign warning that the path's geometry shifts every hour. Legend says the summit offers a view ... 
[2026-04-04T16:07:28.659Z] [DEBUG] [Workshop] Guidance 1/2 generated: the rhythm of your days has become a well-tended garden, but the soil is becomin... 
[2026-04-04T16:07:34.503Z] [DEBUG] [Workshop] Guidance 2/2 generated: your presence has become a reliable lighthouse for others, but in holding the la... 
[2026-04-04T16:11:07.444Z] [DEBUG] [Workshop] Guidance 1/2 generated: the immense effort spent fortifying your borders has turned your sanctuary into ... 
[2026-04-04T16:11:15.565Z] [DEBUG] [Workshop] Guidance 2/2 generated: the sheer weight of your skepticism has turned your daily path into a narrow, fr... 
[2026-04-04T16:14:43.630Z] [DEBUG] [Workshop] Guidance 1/2 generated: You move through the world like someone constantly bracing for a collision that ... 
[2026-04-04T16:14:51.315Z] [DEBUG] [Workshop] Guidance 2/2 generated: You have curated a world so narrow and precise that it has nowhere left to go, m... 
[2026-04-04T16:16:03.383Z] [INFO] [Workshop] Saved persona "stranger_kassandra_2" to src/data/prompts.ts 
[2026-04-04T16:16:10.392Z] [DEBUG] [Workshop] Guidance 1/2 generated: You mistake your rigidity for excellence, but your obsessive order isn’t a ladde... 
[2026-04-04T16:16:18.963Z] [DEBUG] [Workshop] Guidance 2/2 generated: You’ve mistaken your inability to trust for a superior form of logic, but you’re... 
[2026-04-04T16:33:16.088Z] [INFO] [Workshop] Saved persona "stranger_kassandra_3" to src/data/prompts.ts 
[2026-04-04T16:33:35.302Z] [DEBUG] [Workshop] Guidance 1/2 generated: You’ve turned your life into a fortress of rules because you’ve decided that the... 
[2026-04-04T16:33:44.877Z] [DEBUG] [Workshop] Guidance 2/2 generated: You’ve convinced yourself that your cynicism is a form of vigilance, as if being... 
[2026-04-04T16:39:42.289Z] [INFO] [Workshop] Saved persona "stranger_kassandra_3" to src/data/prompts.ts 
[2026-04-04T16:39:52.403Z] [DEBUG] [Workshop] Guidance 1/2 generated: You operate like a fortress where every stone is accounted for and every guard i... 
[2026-04-04T16:40:00.874Z] [DEBUG] [Workshop] Guidance 2/2 generated: You have this quiet, sharp-edged refusal to pretend things are working when they... 
[2026-04-04T16:42:00.147Z] [DEBUG] [Workshop] Guidance 1/2 generated: You possess an internal architecture that is far more intricate and demanding th... 
[2026-04-04T16:42:06.686Z] [DEBUG] [Workshop] Guidance 2/2 generated: You tend to look at everything as if you’re trying to find the one flaw that wil... 
[2026-04-04T16:47:40.588Z] [INFO] [Workshop] Saved persona "stranger_kassandra_4" to src/data/prompts.ts 
[2026-04-04T16:48:15.374Z] [DEBUG] [Workshop] Guidance 1/4 generated: You likely carry a sharp, silent exhaustion from navigating a world that feels b... 
[2026-04-04T16:48:24.009Z] [DEBUG] [Workshop] Guidance 2/4 generated: You’re likely sitting with a stinging, restless frustration because your mind bu... 
[2026-04-04T16:48:32.607Z] [DEBUG] [Workshop] Guidance 3/4 generated: You’re likely carrying a heavy, jittery exhaustion from running a constant inter... 
[2026-04-04T16:48:40.064Z] [DEBUG] [Workshop] Guidance 4/4 generated: You’re likely sitting with a cold, restless weight because your mind is constant... 
[2026-04-04T16:49:36.760Z] [INFO] [Workshop] Saved persona "stranger_kassandra_5" to src/data/prompts.ts 
[2026-04-04T16:49:51.423Z] [DEBUG] [Workshop] Guidance 1/2 generated: You’re currently tightening the bolts on a world of your own making, feeling the... 
[2026-04-04T16:49:58.181Z] [DEBUG] [Workshop] Guidance 2/2 generated: You’re currently navigating the deep fatigue of holding a high-definition vision... 
[2026-04-04T17:07:39.601Z] [INFO] [Workshop] Saved persona "stranger_kassandra_5" to src/data/prompts.ts 
[2026-04-04T17:07:47.399Z] [INFO] [Workshop] Saved persona "stranger_kassandra_6" to src/data/prompts.ts 
[2026-04-04T17:07:59.482Z] [DEBUG] [Workshop] Guidance 1/2 generated: You are currently exhausting yourself by trying to engineer a flawless, logical ... 
[2026-04-04T17:08:07.449Z] [DEBUG] [Workshop] Guidance 2/2 generated: You are currently suffocating under the weight of a devastatingly accurate insig... 
[2026-04-04T17:09:31.919Z] [DEBUG] [Workshop] Guidance 1/2 generated: You’re likely holding onto a private project or a standard so exacting that the ... 
[2026-04-04T17:09:38.264Z] [DEBUG] [Workshop] Guidance 2/2 generated: You’re probably caught in a sharp, quiet friction where you’ve spotted a flaw or... 
[2026-04-04T17:15:28.303Z] [INFO] [Workshop] Saved persona "stranger_kassandra_7" to src/data/prompts.ts 
[2026-04-04T17:15:37.205Z] [DEBUG] [Workshop] Guidance 1/2 generated: You’ve been mentally editing a response for the last twenty minutes, trying to m... 
[2026-04-04T17:15:45.972Z] [DEBUG] [Workshop] Guidance 2/2 generated: You’re currently holding onto a small piece of evidence—a text, a specific phras... 
[2026-04-04T17:28:40.051Z] [INFO] [Workshop] Saved persona "stranger_kassandra_8" to src/data/prompts.ts 
[2026-04-04T17:28:48.509Z] [DEBUG] [Workshop] Guidance 1/2 generated: You are currently hunched over a project or a thought, stripping it down to its ... 
[2026-04-04T17:28:58.498Z] [DEBUG] [Workshop] Guidance 2/2 generated: You’re currently rehearsing a devastatingly accurate critique in your head, half... 
[2026-04-04T17:34:47.628Z] [INFO] [Workshop] Saved persona "stranger_kassandra_9" to src/data/prompts.ts 
[2026-04-04T17:34:59.897Z] [DEBUG] [Workshop] Guidance 1/2 generated: You have a mind like a diamond—hard, brilliant, and utterly incapable of being f... 
[2026-04-04T17:35:07.517Z] [DEBUG] [Workshop] Guidance 2/2 generated: You have this quiet, architectural elegance to your mind, a way of insisting on ... 
[2026-04-04T17:35:41.518Z] [DEBUG] [Workshop] Guidance 1/4 generated: You have the kind of razor-sharp inner world that makes you look at a simple hor... 
[2026-04-04T17:35:48.037Z] [DEBUG] [Workshop] Guidance 2/4 generated: You carry a quiet, uncompromising brilliance that refuses to settle for the easy... 
[2026-04-04T17:35:54.548Z] [DEBUG] [Workshop] Guidance 3/4 generated: There’s a beautiful, jagged honesty in you that refuses to perform for anyone, a... 
[2026-04-04T17:36:00.904Z] [DEBUG] [Workshop] Guidance 4/4 generated: You have a rare, crystalline autonomy—a way of standing entirely within your own... 
[2026-04-04T17:37:46.534Z] [INFO] [Workshop] Saved persona "stranger_kassandra_10" to src/data/prompts.ts 
[2026-04-04T17:37:58.992Z] [DEBUG] [Workshop] Guidance 1/4 generated: You spend a lot of time being right about things that only end up making you fee... 
[2026-04-04T17:38:11.167Z] [DEBUG] [Workshop] Guidance 2/4 generated: You’re constantly frustrated because you can see exactly how things are going to... 
[2026-04-04T17:38:18.092Z] [DEBUG] [Workshop] Guidance 3/4 generated: You're constantly stressed because you're doing the work of three people just to... 
[2026-04-04T17:38:23.115Z] [DEBUG] [Workshop] Guidance 4/4 generated: You’re tired because you notice every single way things are falling apart and yo... 
[2026-04-04T17:45:46.633Z] [INFO] [Workshop] Saved persona "stranger_kassandra_11" to src/data/prompts.ts 
[2026-04-04T17:45:57.648Z] [DEBUG] [Workshop] Guidance 1/4 generated: You’re constantly sanding down the edges of your world, trying to make it fit in... 
[2026-04-04T17:46:05.202Z] [DEBUG] [Workshop] Guidance 2/4 generated: You’re moving through a world of soft focus with a brain that refuses to squint,... 
[2026-04-04T17:46:17.505Z] [DEBUG] [Workshop] Guidance 3/4 generated: You’re white-knuckling a map of a city that everyone else is just wandering thro... 
[2026-04-04T17:46:28.979Z] [DEBUG] [Workshop] Guidance 4/4 generated: You’re moving through a world rendered in low-fidelity, constantly bumping into ... 
[2026-04-04T17:49:34.912Z] [INFO] [Workshop] Saved persona "stranger_kassandra_12" to src/data/prompts.ts 
[2026-04-04T17:49:48.945Z] [DEBUG] [Workshop] Guidance 1/2 generated: You spend most of your time feeling like you're the only person who sees how muc... 
[2026-04-04T17:50:16.601Z] [DEBUG] [Workshop] Guidance 2/2 generated: You’re probably sitting there right now with a lot of thoughts you can't really ... 
[2026-04-04T17:56:43.127Z] [DEBUG] [Workshop] Question generation raw response: {
  "slug": "the-over-salted-offering",
  "text": "At a small dinner party, your host proudly serves an experimental dish that is undeniably over-salted. The table is filled with loud, performative pr... 
[2026-04-04T17:57:26.840Z] [DEBUG] [Workshop] Question generation raw response: {
  "slug": "the-dinner-theatrics",
  "text": "You are at a small, candlelit dinner party. Your host pulls out a theatrical board game requiring everyone to perform, despite the room’s energy beginnin... 
[2026-04-04T17:58:05.152Z] [DEBUG] [Workshop] Question generation raw response: {
  "slug": "polarizing-dinner-take",
  "text": "At a small dinner party, a guest drops a polarizing take that brings the table talk to a screeching halt. Your host looks mortified, and several people... 
[2026-04-04T17:59:38.913Z] [DEBUG] [Workshop] Question generation raw response: {
  "slug": "the-basement-show",
  "text": "The basement venue is humid, humming with the electric drone of a feedback loop. As your favorite band takes the stage, the crowd surges forward, filling ev... 
[2026-04-04T18:00:18.203Z] [DEBUG] [Workshop] Question generation raw response: {
  "slug": "clock-tower-discord",
  "text": "The neighborhood committee is deadlocked over the new melody for the town’s clock tower. Tempers are flaring in the cramped community hall as several peop... 
[2026-04-04T18:06:30.737Z] [DEBUG] [Workshop] Question generation raw response: {
  "slug": "the-impromptu-parade",
  "text": "At a bustling neighborhood festival, a stranger approaches your small group and insists you all join their impromptu parade. They thrust a tambourine tow... 
[2026-04-04T18:07:35.448Z] [DEBUG] [Workshop] Question generation raw response: {
  "slug": "the-uncomfortable-toast",
  "text": "You are at an intimate dinner celebrating a mentor's achievement. The host makes a controversial, edge-pushing joke that leaves the table in a sudden,... 
[2026-04-04T18:08:04.883Z] [DEBUG] [Workshop] Question generation raw response: {
  "slug": "the-mismatched-entree",
  "text": "You are at an intimate dinner party when the host serves a main course that one of the guests clearly cannot eat. An awkward silence settles over the ta... 
[2026-04-04T18:08:55.598Z] [DEBUG] [Workshop] Question generation raw response: {
  "slug": "workshop-stalemate",
  "text": "You’re at a community workshop where a vocal member is pushing a flashy but impractical plan, and the room has fallen into a thick, awkward silence. Everyo... 
[2026-04-04T18:09:23.722Z] [DEBUG] [Workshop] Question generation raw response: {
  "slug": "the-unfiltered-opinion",
  "text": "A colleague finishes a presentation on a controversial new project and immediately points to you in the crowded conference room, asking for your 'unfil... 
[2026-04-04T18:09:57.884Z] [DEBUG] [Workshop] Question generation raw response: {
  "slug": "the-bistro-complaint",
  "text": "A close friend starts complaining loudly and unfairly about the service at your favorite local bistro, making the waiter visibly distressed. The table fa... 
[2026-04-04T18:11:04.250Z] [DEBUG] [Workshop] Question generation raw response: {
  "slug": "the-briefcase-inheritance",
  "text": "A stranger thrusts a heavy, locked briefcase into your hands on a bustling street, whispers \"It's your turn now,\" and vanishes into the crowd. A g... 
[2026-04-04T18:11:42.532Z] [DEBUG] [Workshop] Question generation raw response: {
  "slug": "the-living-mystery",
  "text": "At a high-concept 'Human Library' event, the organizers mistake you for a featured exhibit and usher you onto a velvet pedestal labeled 'The Living Mystery... 
[2026-04-04T18:13:00.192Z] [DEBUG] [Workshop] Question generation raw response: {
  "slug": "the-toast-trauma",
  "text": "The best man freezes mid-toast at your close friend's wedding, the silence stretching into a painful, public cringe. You see the groom’s face tighten with em... 
[2026-04-04T18:16:10.602Z] [DEBUG] [Workshop] Question generation raw response: {
  "slug": "dinner-party-debate",
  "text": "At a dinner party, the conversation turns into a lively debate about a topic you're passionate about. Everyone is talking over each other, and the group's... 
[2026-04-04T18:16:35.055Z] [DEBUG] [Workshop] Question generation raw response: {
  "slug": "dinner-party-debate",
  "text": "A dinner party conversation turns toward a polarizing new trend, and the table is suddenly alive with competing theories. The volume is rising, the air is... 
[2026-04-04T18:16:58.870Z] [DEBUG] [Workshop] Question generation raw response: {
  "slug": "scavenger-hunt-dilemma",
  "text": "Your friends are buzzing with excitement about a fast-paced scavenger hunt through the city's hidden alleys. The group is debating whether to stick tog... 
[2026-04-04T18:18:13.890Z] [DEBUG] [Workshop] Question generation raw response: {
  "slug": "cabin-twilight-indecision",
  "text": "You’re at a weekend cabin with a group of friends, and the final evening has just stretched out before you. The fire is warm, the drinks are poured,... 
[2026-04-04T18:18:51.808Z] [INFO] [Workshop] Appended question "cabin-twilight-indecision" to src/data/questions.ts 
[2026-04-04T18:19:51.170Z] [DEBUG] [Workshop] Question generation raw response: {
  "slug": "night-market-entry",
  "text": "A sprawling night market has just opened, its stalls glowing under strings of paper lanterns and the air thick with the smell of toasted spices. You’re sta... 
[2026-04-04T18:20:26.910Z] [DEBUG] [Workshop] Question generation raw response: {
  "slug": "neon-sculpture-plaza",
  "text": "A massive, collaborative sculpture is rising in the city square, built from scrap metal and pulsing neon lights. The organizers are calling for more hand... 
[2026-04-04T18:21:19.393Z] [DEBUG] [Workshop] Question generation raw response: {
  "slug": "community-shell-transformation",
  "text": "The neighborhood’s new community center is a massive, empty industrial shell, and the floor is open for the very first design concepts. You can... 
[2026-04-04T18:25:45.130Z] [DEBUG] [Workshop] Question generation raw response: {
  "slug": "the-copper-key",
  "text": "You’re crossing a quiet plaza when a silent street performer in a tattered tuxedo stops their routine and presses a heavy, cold copper key into your palm. They... 
[2026-04-04T18:29:31.494Z] [DEBUG] [Workshop] Question generation raw response: {
  "slug": "the-moss-and-circuits-pitch",
  "text": "Your close friend invites you over to show off a 'conceptual art' project they’ve been working on: a series of dioramas made entirely of old circu... 
[2026-04-04T18:29:56.457Z] [DEBUG] [Workshop] Question generation raw response: {
  "slug": "unconventional-business-pitch",
  "text": "Your close friend is about to sign a commercial lease for a 'silent retreat cafe' where customers are strictly forbidden from speaking or using ... 
[2026-04-04T18:30:28.808Z] [DEBUG] [Workshop] Question generation raw response: {
  "slug": "the-fusion-concept",
  "text": "Your close friend is showing you their 'vision board' for a new, experimental fusion restaurant they want to open. The concept is incredibly bold and unlik... 
[2026-04-04T18:35:41.709Z] [DEBUG] [Workshop] Question generation raw response: {
  "slug": "sensory-dining-risk",
  "text": "Your close friend is about to sign a lease for a 'sensory dining' pop-up where guests eat in total darkness while listening to experimental audio. They’ve... 
[2026-04-04T18:39:10.792Z] [DEBUG] [Workshop] Question generation raw response: {
  "slug": "experimental-chef-surprise",
  "text": "You’re at a celebrated restaurant with a group when the chef offers to prepare a 'surprise' experimental meal for your table. You're fascinated by ... 
[2026-04-04T18:40:23.166Z] [DEBUG] [Workshop] Question generation raw response: {
  "slug": "creative-hub-transition",
  "text": "You’ve been put in charge of your office’s new 'creative hub,' an experimental space with no desks, just beanbags and floor-to-ceiling whiteboards. Wh... 
[2026-04-04T18:41:49.956Z] [DEBUG] [Workshop] Question generation raw response: {
  "slug": "the-impossible-deck",
  "text": "At a small dinner party, your host brings out an old, 'impossible' deck of cards they claim can reveal your hidden life path. As they reach for your hand ... 
[2026-04-04T18:42:51.079Z] [DEBUG] [Workshop] Question generation raw response: {
  "slug": "the-basement-map",
  "text": "While flipping through a used book you just bought, you find a hand-drawn map that perfectly matches your apartment's layout, complete with a fresh ink mark ... 
[2026-04-04T18:44:04.641Z] [DEBUG] [Workshop] Question generation raw response: {
  "slug": "the-mysterious-photograph",
  "text": "While flipping through a childhood photo album, you find a recent, glossy photo of yourself standing in a city you’ve never visited. In the picture,... 
[2026-04-04T18:45:04.323Z] [DEBUG] [Workshop] Question generation raw response: {
  "slug": "the-unexpected-threshold",
  "text": "You’re walking your usual route home when you notice a narrow, ivy-covered door set into a brick wall you’ve passed a thousand times. It’s slightly a... 
[2026-04-04T18:46:22.414Z] [DEBUG] [Workshop] Question generation raw response: {
  "slug": "future-polaroid-discovery",
  "text": "You're unpacking in your new apartment when you find a polaroid of yourself tucked behind a radiator, showing you sitting in this exact room but wea... 
[2026-04-04T18:47:09.068Z] [DEBUG] [Workshop] Question generation raw response: {
  "slug": "front-yard-rewilding",
  "text": "You are redesigning your front yard and have the option to install an experimental 'rewilding' garden filled with tall, untamed native plants instead of ... 
[2026-04-04T18:47:51.443Z] [DEBUG] [Workshop] Question generation raw response: {
  "slug": "the-conceptual-menu",
  "text": "You're sitting at a famous 'experimental' restaurant, but the menu is just a list of abstract concepts like 'Solitude' and 'Wonder' instead of actual ingr... 
[2026-04-04T18:48:37.005Z] [DEBUG] [Workshop] Question generation raw response: {
  "slug": "coastal-kitchen-mystery",
  "text": "You’re wandering a sun-drenched coastal town in a country you’ve never visited when you stumble upon a tiny kitchen with no menu and a line of locals.... 
[2026-04-04T18:49:43.832Z] [DEBUG] [Workshop] Question generation raw response: {
  "slug": "festival-dessert-dilemma",
  "text": "You’re at a lively community festival when you spot a tiny stall offering a 'Blind Tasting' of experimental, avant-garde desserts. Your friends are a... 
[2026-04-04T18:50:44.701Z] [DEBUG] [Workshop] Question generation raw response: {
  "slug": "the-hidden-courtyard",
  "text": "You’re wandering a historic district when you find a gate to a lush courtyard filled with rare plants and a sign that reads: 'Maintenance in progress. Vi... 
[2026-04-04T18:51:43.585Z] [DEBUG] [Workshop] Question generation raw response: {
  "slug": "the-line-cutter",
  "text": "You’ve been waiting in a long, slow-moving line for a limited-release event when someone casually cuts right in front of you. You’re tired and your feet ache,... 
[2026-04-04T18:52:41.920Z] [DEBUG] [Workshop] Question generation raw response: {
  "slug": "invitation-only-spill",
  "text": "You’ve finally landed a seat at a legendary, invitation-only dinner. Just as the toast begins, you accidentally knock your neighbor’s full glass of red ... 
[2026-04-04T18:53:10.105Z] [DEBUG] [Workshop] Question generation raw response: {
  "slug": "lost-restaurant-reservation",
  "text": "You’ve been looking forward to this dinner for weeks, but the host is staring at the screen with a growing frown, insisting your name isn't on the... 
[2026-04-04T18:54:14.499Z] [DEBUG] [Workshop] Question generation raw response: {
  "slug": "the-cramped-reservation",
  "text": "You’ve been looking forward to this celebratory dinner for weeks, but the host leads you to a tiny, wobbly table squeezed right against the swinging k... 
[2026-04-04T18:54:40.315Z] [DEBUG] [Workshop] Question generation raw response: {
  "slug": "the-backhanded-toast",
  "text": "You’re at a small dinner celebrating your recent promotion when a close friend makes a sharp, teasing comment about how much 'luck' played into your succ... 
[2026-04-04T18:56:41.042Z] [DEBUG] [Workshop] Question generation raw response: {
  "slug": "the-hidden-library-room",
  "text": "You’re at a social event in a historic library, and the main hall is filled with lively conversation and music. Through a door left slightly ajar, you... 
[2026-04-04T19:11:04.528Z] [DEBUG] [DEBUG] /assessment: Starting with user 2813a3bd-b877-4278-8aa3-348fbe8c5e40, Shuffled Total: 6 
[2026-04-04T19:12:12.072Z] [DEBUG] [DEBUG] /api/assessment/answer: questionId=cabin-twilight-indecision, answerKey=quiet-anchor, remaining=5, total=6 
[2026-04-04T19:12:28.135Z] [DEBUG] [DEBUG] /api/assessment/answer: questionId=neighborhood-festival, answerKey=expedite-and-engage, remaining=4, total=6 
[2026-04-04T19:12:39.975Z] [DEBUG] [DEBUG] /api/assessment/answer: questionId=lunar-fog-ascent, answerKey=anxious-pivot, remaining=3, total=6 
[2026-04-04T19:12:53.464Z] [DEBUG] [DEBUG] /api/assessment/answer: questionId=the-itinerary-unravels, answerKey=structured-harmonizer, remaining=2, total=6 
[2026-04-04T19:13:11.191Z] [DEBUG] [DEBUG] /api/assessment/answer: questionId=the-velvet-curtain, answerKey=unsettled-avoidance, remaining=1, total=6 
[2026-04-04T19:13:20.625Z] [DEBUG] [DEBUG] /api/assessment/answer: questionId=dinner-party-blackout, answerKey=jovial-leader, remaining=0, total=6 
[2026-04-04T19:13:30.487Z] [DEBUG] [DEBUG] Ephemeral user. Returning Integrated RegistrationPage fragment. 
[2026-04-04T19:14:14.889Z] [DEBUG] [DEBUG] /assessment: Starting with user 820e4a27-017c-4daa-bf28-fb37961f5f2b, Shuffled Total: 6 
[2026-04-04T19:14:17.552Z] [DEBUG] [DEBUG] /api/assessment/answer: questionId=the-velvet-curtain, answerKey=unsettled-avoidance, remaining=5, total=6 
[2026-04-04T19:14:18.634Z] [DEBUG] [DEBUG] /api/assessment/answer: questionId=lunar-fog-ascent, answerKey=methodical-ascent, remaining=4, total=6 
[2026-04-04T19:14:19.626Z] [DEBUG] [DEBUG] /api/assessment/answer: questionId=the-itinerary-unravels, answerKey=spontaneous-harmonizer, remaining=3, total=6 
[2026-04-04T19:14:20.552Z] [DEBUG] [DEBUG] /api/assessment/answer: questionId=cabin-twilight-indecision, answerKey=spirited-challenger, remaining=2, total=6 
[2026-04-04T19:14:21.521Z] [DEBUG] [DEBUG] /api/assessment/answer: questionId=dinner-party-blackout, answerKey=vocal-vigilant, remaining=1, total=6 
[2026-04-04T19:14:22.649Z] [DEBUG] [DEBUG] /api/assessment/answer: questionId=neighborhood-festival, answerKey=drop-everything-join, remaining=0, total=6 
[2026-04-04T19:14:31.220Z] [DEBUG] [DEBUG] Ephemeral user. Returning Integrated RegistrationPage fragment. 
[2026-04-04T19:15:05.059Z] [DEBUG] [DEBUG] /assessment: Starting with user a85ada9c-b82a-4ff7-b6b0-5e4b2b35458d, Shuffled Total: 6 
[2026-04-04T19:15:12.290Z] [DEBUG] [DEBUG] /assessment: Starting with user 408829d2-7be8-42cc-8baf-f0693ba7ac1c, Shuffled Total: 6 
[2026-04-04T19:15:25.187Z] [DEBUG] [DEBUG] /assessment: Starting with user bae88d4f-beed-4820-8f51-186162850c77, Shuffled Total: 6 
[2026-04-04T22:14:42.464Z] [DEBUG] [DEBUG] /assessment: Starting with user 6e8f3e27-efda-4b22-aa7e-fbd71b48c72d, Shuffled Total: 6 
[2026-04-04T22:14:46.675Z] [DEBUG] [DEBUG] /assessment: Starting with user 820e4a27-017c-4daa-bf28-fb37961f5f2b, Shuffled Total: 6 
[2026-04-07T02:18:11.321Z] [DEBUG] [Workshop] Question generation raw response: {
  "slug": "blind-prototype-booth",
  "text": "You’re browsing a high-end department store when a staff member invites you to participate in a 'blind prototype test' inside a private, soundproof room... 
[2026-04-07T02:21:24.785Z] [DEBUG] [Workshop] Guidance 1/1 generated: You’re likely sitting there refining a system that already works, feeling a shar... 
[2026-04-07T02:22:37.973Z] [DEBUG] [Workshop] Guidance 1/1 generated: You aren’t principled; you’re just finished. You’ve mistaken your total inabilit... 
[2026-04-07T02:24:47.665Z] [DEBUG] [Workshop] Guidance 1/1 generated: You spend most of your energy just maintaining the steady, predictable world you... 
[2026-04-07T02:27:45.165Z] [DEBUG] [Workshop] Guidance 1/4 generated: You’re the person who is always down for whatever, mostly because you’re genuine... 
[2026-04-07T02:27:54.177Z] [DEBUG] [Workshop] Guidance 2/4 generated: You’re the person people always invite because you're easy to talk to and you're... 
[2026-04-07T02:28:19.196Z] [DEBUG] [Workshop] Guidance 3/4 generated: You’re the person who is genuinely interested in whatever anyone else is talking... 
[2026-04-07T02:28:29.535Z] [DEBUG] [Workshop] Guidance 4/4 generated: You’re the person who gets excited about every new idea or person that comes you... 
[2026-04-07T02:33:20.015Z] [DEBUG] [Workshop] Guidance 1/2 generated: You’ve confused being a chameleon with being a soulmate. Your endless flexibilit... 
[2026-04-07T02:33:29.352Z] [DEBUG] [Workshop] Guidance 2/2 generated: Your warmth isn’t a character trait; it’s a bribe you pay the world so it won’t ... 
